// Jest Snapshot v1, https://goo.gl/fbAQLP

exports[`Export service Read the size of the file 1`] = `22350`;
